// Jest Snapshot v1, https://goo.gl/fbAQLP

exports[`tests the adminSchema snapshot the resolver function 1`] = `
Object {
  "Mutation": Object {
    "resetEndpointFinderWatcher": [Function],
    "updateLogger": [Function],
  },
  "Query": Object {
    "configuration": [Function],
    "namespaces": [Function],
  },
}
`;

exports[`tests the adminSchema snapshot the typeDefs 1`] = `
"
  type namespace{
    name: String
    endpoints:[endpoint]
  }

  type endpoint{
    url: String
    created: String
    imageID: String
    loadBalance: loadBalance
  }

  type loadBalance{
    count: Int
    endpoints: [endpoint]
  }



  type Configuration{
    runtime: String
    version: String
    buildNumber: String
    pollingTimeMS: Int
    bodyParserLimit: String
    dockerNetwork: String
    logging: Logging
    sendIntrospection: Boolean
  }

  type Logging {
    format: String
    level: String

  }

  type Query{
    namespaces: [namespace]
    configuration: Configuration
  }

  enum logFormat {
    simple
    json
  }

  enum logLevel {
    debug
    info
    error
    warn
  }
  type Mutation{
    updateLogger(logFormat: logFormat, logLevel: logLevel ): Boolean
    resetEndpointFinderWatcher: Boolean
  }


"
`;

exports[`tests the adminSchema tests resolver namespaces tests struct 1`] = `
Array [
  Object {
    "endpoints": Array [
      Object {
        "created": "mock created",
        "imageID": "mock image id",
        "url": "mockUrl",
      },
      Object {
        "created": "mock created2",
        "imageID": "mock image id2",
        "loadBalance": Object {
          "count": 2,
          "endpoints": Array [
            Object {
              "created": "mock create3",
              "imageID": "mock image id3",
              "url": "mockUrl3",
            },
            Object {
              "created": "mock create4",
              "imageID": "mock image id4",
              "url": "mockUrl4",
            },
          ],
        },
        "url": "mockUrl2",
      },
    ],
    "name": "testNamspace",
  },
]
`;
